---
source: tui/src/bottom_pane/footer.rs
expression: terminal.backend()
---
"  / for commands                          ctrl + j for newline                  "
"  @ for file paths                        ctrl + v to paste images              "
"  esc esc to edit previous message        ctrl + c to exit                      "
"                                          ctrl + t to view transcript           "
"                                                                                "
"  ctrl + p enhance prompt                                                       "
"  ctrl + r restore original (available now)                                     "
"  ctrl + u clear composer                                                       "
